================================================================================
HPLinpack 2.3  --  High-Performance Linpack benchmark  --   December 2, 2018
Written by A. Petitet and R. Clint Whaley,  Innovative Computing Laboratory, UTK
Modified by Piotr Luszczek, Innovative Computing Laboratory, UTK
Modified by Julien Langou, University of Colorado Denver
================================================================================

An explanation of the input/output parameters follows:
T/V    : Wall time / encoded variant.
N      : The order of the coefficient matrix A.
NB     : The partitioning blocking factor.
P      : The number of process rows.
Q      : The number of process columns.
Time   : Time in seconds to solve the linear system.
Gflops : Rate of execution for solving the linear system.

The following parameter values will be used:

N      :   40000    40000    40700    40800    40900    41000 
NB     :     192 
PMAP   : Row-major process mapping
P      :       4 
Q      :       4 
PFACT  :   Crout 
NBMIN  :       4 
NDIV   :       2 
RFACT  :   Crout 
BCAST  :   1ring 
DEPTH  :       1 
SWAP   : Mix (threshold = 64)
L1     : transposed form
U      : transposed form
EQUIL  : yes
ALIGN  : 8 double precision words

--------------------------------------------------------------------------------

- The matrix A is randomly generated for each test.
- The following scaled residual check will be computed:
      ||Ax-b||_oo / ( eps * ( || x ||_oo * || A ||_oo + || b ||_oo ) * N )
- The relative machine precision (eps) is taken to be               1.110223e-16
- Computational tests pass if scaled residuals are less than                16.0

================================================================================
T/V                N    NB     P     Q               Time                 Gflops
--------------------------------------------------------------------------------
WR10C2C4       40000   192     4     4             115.17             3.7050e+02
HPL_pdgesv() start time Sat Aug  8 13:18:29 2026

HPL_pdgesv() end time   Sat Aug  8 13:20:24 2026

--------------------------------------------------------------------------------
||Ax-b||_oo/(eps*(||A||_oo*||x||_oo+||b||_oo)*N)=   1.67107177e-03 ...... PASSED
================================================================================
T/V                N    NB     P     Q               Time                 Gflops
--------------------------------------------------------------------------------
WR10C2C4       40000   192     4     4             114.89             3.7140e+02
HPL_pdgesv() start time Sat Aug  8 13:20:32 2026

HPL_pdgesv() end time   Sat Aug  8 13:22:27 2026

--------------------------------------------------------------------------------
||Ax-b||_oo/(eps*(||A||_oo*||x||_oo+||b||_oo)*N)=   1.67107177e-03 ...... PASSED
================================================================================
T/V                N    NB     P     Q               Time                 Gflops
--------------------------------------------------------------------------------
WR10C2C4       40700   192     4     4             115.30             3.8982e+02
HPL_pdgesv() start time Sat Aug  8 13:22:36 2026

HPL_pdgesv() end time   Sat Aug  8 13:24:31 2026

--------------------------------------------------------------------------------
||Ax-b||_oo/(eps*(||A||_oo*||x||_oo+||b||_oo)*N)=   1.44298055e-03 ...... PASSED
================================================================================
T/V                N    NB     P     Q               Time                 Gflops
--------------------------------------------------------------------------------
WR10C2C4       40800   192     4     4             115.23             3.9297e+02
HPL_pdgesv() start time Sat Aug  8 13:24:40 2026

HPL_pdgesv() end time   Sat Aug  8 13:26:35 2026

--------------------------------------------------------------------------------
||Ax-b||_oo/(eps*(||A||_oo*||x||_oo+||b||_oo)*N)=   1.83811985e-03 ...... PASSED
================================================================================
T/V                N    NB     P     Q               Time                 Gflops
--------------------------------------------------------------------------------
WR10C2C4       40900   192     4     4             117.47             3.8832e+02
HPL_pdgesv() start time Sat Aug  8 13:26:44 2026

HPL_pdgesv() end time   Sat Aug  8 13:28:42 2026

--------------------------------------------------------------------------------
||Ax-b||_oo/(eps*(||A||_oo*||x||_oo+||b||_oo)*N)=   1.33111160e-03 ...... PASSED
================================================================================
T/V                N    NB     P     Q               Time                 Gflops
--------------------------------------------------------------------------------
WR10C2C4       41000   192     4     4             117.16             3.9219e+02
HPL_pdgesv() start time Sat Aug  8 13:28:50 2026

HPL_pdgesv() end time   Sat Aug  8 13:30:47 2026

--------------------------------------------------------------------------------
||Ax-b||_oo/(eps*(||A||_oo*||x||_oo+||b||_oo)*N)=   1.51208926e-03 ...... PASSED
================================================================================

Finished      6 tests with the following results:
              6 tests completed and passed residual checks,
              0 tests completed and failed residual checks,
              0 tests skipped because of illegal input values.
--------------------------------------------------------------------------------

End of Tests.
================================================================================
